
  VITE v6.4.2  ready in 465 ms

  ➜  Local:   http://127.0.0.1:4173/
  ➜  press h + enter to show help
09:30:50 [vite] (client) hmr update /src/Workspace.jsx
09:31:20 [vite] (client) hmr update /src/Workspace.jsx
09:37:31 [vite] (client) hmr update /src/Workspace.jsx
09:38:15 [vite] (client) hmr update /src/Workspace.jsx
09:38:36 [vite] (client) hmr update /src/Workspace.jsx
09:39:47 [vite] (client) hmr update /src/Workspace.jsx
09:40:17 [vite] (client) hmr update /src/Workspace.jsx
09:40:44 [vite] (client) hmr update /src/Workspace.jsx
09:43:11 [vite] (client) hmr update /src/workspace-overrides.css
09:56:10 [vite] (client) hmr update /src/Workspace.jsx
13:44:11 [vite] (client) hmr update /src/Workspace.jsx
18:53:16 [vite] (client) hmr update /src/Workspace.jsx
18:53:19 [vite] (client) hmr update /src/workspace-overrides.css
18:59:27 [vite] (client) hmr update /src/Workspace.jsx
18:59:55 [vite] (client) hmr update /src/Workspace.jsx
19:00:19 [vite] (client) hmr update /src/workspace-overrides.css
19:16:31 [vite] (client) hmr update /src/Workspace.jsx
19:17:06 [vite] (client) hmr update /src/Workspace.jsx
19:17:40 [vite] (client) hmr update /src/workspace-overrides.css
